[2J[01;01H[=3h[2J[01;01H[2J[01;01H[=3h[2J[01;01H[2J[01;01H[=3h[2J[01;01H[0m[35m[40m[2J[01;01H[=3h[2J[01;01H[0m[37m[40m  Booting `Amazon Linux (6.12.103-127.188.amzn2023.x86_64) 2023'

[    0.035673] RETBleed: WARNING: Spectre v2 mitigation leaves CPU vulnerable to RETBleed attacks, data leaks possible!
[    3.083549] RPC: Registered named UNIX socket transport module.
[    3.084275] RPC: Registered udp transport module.
[    3.084893] RPC: Registered tcp transport module.
[    3.085527] RPC: Registered tcp-with-tls transport module.
[    3.086286] RPC: Registered tcp NFSv4.1 backchannel transport module.
[    3.218539] input: Power Button as /devices/LNXSYSTM:00/LNXPWRBN:00/input/input0
[    3.243861] ena 0000:00:05.0: Elastic Network Adapter (ENA) v2.17.2g
[    3.248326] i8042: PNP: PS/2 Controller [PNP0303:KBD,PNP0f13:MOU] at 0x60,0x64 irq 1,12
[    3.249507] i8042: Warning: Keylock active
[    3.263348] ena 0000:00:05.0: ENA device version: 0.10
[    3.264015] ena 0000:00:05.0: ENA controller version: 0.0.1 implementation version 1
[    3.270829] ACPI: button: Power Button [PWRF]
[    3.271458] input: Sleep Button as /devices/LNXSYSTM:00/LNXSLPBN:00/input/input1
[    3.278330] serio: i8042 KBD port at 0x60,0x64 irq 1
[    3.278906] serio: i8042 AUX port at 0x60,0x64 irq 12
[    3.285666] ACPI: button: Sleep Button [SLPF]
[    3.349838] ena 0000:00:05.0: LLQ is not supported Fallback to host mode policy.
[    3.363743] ena 0000:00:05.0: Elastic Network Adapter (ENA) found at mem 80400000, mac addr 02:ff:cb:c7:98:61
[    3.382942] ena 0000:00:05.0 ens5: renamed from eth0
[    3.426261] nvme nvme0: using unchecked data buffer
[    3.614814] zram_generator::config[1893]: zram0: system has too much memory (1908MB), limit is 800MB, ignoring.
[    5.590855] nodeadm-internal[1999]: info boot-book/hook.go:56 Waiting for consistent network interfaces..
[    5.644007] nodeadm-internal[1999]: info system/networking.go:83 checking link states...
[    5.651878] nodeadm-internal[1999]: info system/networking.go:119 secondary link unmanaged {"linkName": "lo"}
[    5.653909] nodeadm-internal[1999]: info system/networking.go:109 link configured {"linkName": "ens5"}
[    5.655811] nodeadm-internal[1999]: info boot-book/hook.go:60 Completed boot hook!
[    5.710116] nodeadm[2013]: info init/init.go:55 Checking user is root..
[    5.712521] nodeadm[2013]: info init/init.go:65 Loading configuration.. {"configSource": ["imds://user-data"], "configCache": "/run/eks/nodeadm/config.json"}
[    5.715857] nodeadm[2013]: warn cli/config.go:25 failed to load cached config {"error": "open /run/eks/nodeadm/config.json: no such file or directory"}
[    5.720752] nodeadm[2013]: info init/init.go:75 Setting up nodeadm environment aspect...
[    5.722354] nodeadm[2013]: info init/init.go:84 Enriching configuration..
[    5.723507] nodeadm[2013]: info init/init.go:165 Fetching kubelet version..
[    5.729884] nodeadm[2013]: info kubelet/version.go:30 Reading kubelet version from file {"path": "/etc/eks/kubelet-version.txt"}
[    5.732051] nodeadm[2013]: info init/init.go:171 Fetched kubelet version {"version": "v1.33.13"}
[    5.733835] nodeadm[2013]: info init/init.go:172 Fetching instance details..
[    5.738626] nodeadm[2013]: SDK 2026/09/16 09:35:15 DEBUG attempting waiter request, attempt count: 1
[    5.882515] nodeadm[2013]: SDK 2026/09/16 09:35:15 DEBUG request failed with unretryable error https response error StatusCode: 403, RequestID: 6ad2e805-7bc9-4100-af26-fbf04027768d, api error UnauthorizedOperation: You are not authorized to perform this operation. User: arn:aws:sts::134838948711:assumed-role/udacity-node-group/i-0d5550931f2f2df26 is not authorized to perform: ec2:DescribeInstances with an explicit deny in a service control policy: arn:aws:organizations::882938751523:policy/o-63ut3im2u5/service_control_policy/p-a3zzwbq3
[   20.883238] nodeadm[2013]: SDK 2026/09/16 09:35:30 DEBUG attempting waiter request, attempt count: 2
[   20.910240] nodeadm[2013]: SDK 2026/09/16 09:35:30 DEBUG request failed with unretryable error https response error StatusCode: 403, RequestID: 574496b9-3202-46eb-b863-09408cc91b04, api error UnauthorizedOperation: You are not authorized to perform this operation. User: arn:aws:sts::134838948711:assumed-role/udacity-node-group/i-0d5550931f2f2df26 is not authorized to perform: ec2:DescribeInstances with an explicit deny in a service control policy: arn:aws:organizations::882938751523:policy/o-63ut3im2u5/service_control_policy/p-a3zzwbq3
[   41.440757] nodeadm[2013]: SDK 2026/09/16 09:35:50 DEBUG attempting waiter request, attempt count: 3
[   41.464889] nodeadm[2013]: SDK 2026/09/16 09:35:50 DEBUG request failed with unretryable error https response error StatusCode: 403, RequestID: c84adb25-ecda-4361-8e40-20b5998d3c23, api error UnauthorizedOperation: You are not authorized to perform this operation. User: arn:aws:sts::134838948711:assumed-role/udacity-node-group/i-0d5550931f2f2df26 is not authorized to perform: ec2:DescribeInstances with an explicit deny in a service control policy: arn:aws:organizations::882938751523:policy/o-63ut3im2u5/service_control_policy/p-a3zzwbq3
[  100.357055] nodeadm[2013]: SDK 2026/09/16 09:36:49 DEBUG attempting waiter request, attempt count: 4
[  100.379130] nodeadm[2013]: SDK 2026/09/16 09:36:49 DEBUG request failed with unretryable error https response error StatusCode: 403, RequestID: 0e1cccbb-0405-4c14-a7ce-245c0157a368, api error UnauthorizedOperation: You are not authorized to perform this operation. User: arn:aws:sts::134838948711:assumed-role/udacity-node-group/i-0d5550931f2f2df26 is not authorized to perform: ec2:DescribeInstances with an explicit deny in a service control policy: arn:aws:organizations::882938751523:policy/o-63ut3im2u5/service_control_policy/p-a3zzwbq3
[  162.124961] nodeadm[2013]: SDK 2026/09/16 09:37:51 DEBUG attempting waiter request, attempt count: 5
[  162.161011] nodeadm[2013]: SDK 2026/09/16 09:37:51 DEBUG request failed with unretryable error https response error StatusCode: 403, RequestID: 3a812a1b-2852-49a2-bc0f-ff28edf88713, api error UnauthorizedOperation: You are not authorized to perform this operation. User: arn:aws:sts::134838948711:assumed-role/udacity-node-group/i-0d5550931f2f2df26 is not authorized to perform: ec2:DescribeInstances with an explicit deny in a service control policy: arn:aws:organizations::882938751523:policy/o-63ut3im2u5/service_control_policy/p-a3zzwbq3
[  230.696788] nodeadm[2013]: SDK 2026/09/16 09:38:59 DEBUG attempting waiter request, attempt count: 6
[  230.743701] nodeadm[2013]: SDK 2026/09/16 09:39:00 DEBUG request failed with unretryable error https response error StatusCode: 403, RequestID: 3c3f061f-6c74-45d4-85b1-f54fef3c03ed, api error UnauthorizedOperation: You are not authorized to perform this operation. User: arn:aws:sts::134838948711:assumed-role/udacity-node-group/i-0d5550931f2f2df26 is not authorized to perform: ec2:DescribeInstances with an explicit deny in a service control policy: arn:aws:organizations::882938751523:policy/o-63ut3im2u5/service_control_policy/p-a3zzwbq3
[  263.669166] nodeadm[2013]: SDK 2026/09/16 09:39:32 DEBUG attempting waiter request, attempt count: 7
[  263.693438] nodeadm[2013]: SDK 2026/09/16 09:39:32 DEBUG request failed with unretryable error https response error StatusCode: 403, RequestID: 45cb7c6d-75be-42e4-ad60-bdf975bf0de3, api error UnauthorizedOperation: You are not authorized to perform this operation. User: arn:aws:sts::134838948711:assumed-role/udacity-node-group/i-0d5550931f2f2df26 is not authorized to perform: ec2:DescribeInstances with an explicit deny in a service control policy: arn:aws:organizations::882938751523:policy/o-63ut3im2u5/service_control_policy/p-a3zzwbq3
[  363.190742] nodeadm[2013]: SDK 2026/09/16 09:41:12 DEBUG attempting waiter request, attempt count: 8
[  363.311926] nodeadm[2013]: SDK 2026/09/16 09:41:12 DEBUG request failed with unretryable error https response error StatusCode: 403, RequestID: 283a39f4-1dc3-4b1b-9ebf-2b1361b72a71, api error UnauthorizedOperation: You are not authorized to perform this operation. User: arn:aws:sts::134838948711:assumed-role/udacity-node-group/i-0d5550931f2f2df26 is not authorized to perform: ec2:DescribeInstances with an explicit deny in a service control policy: arn:aws:organizations::882938751523:policy/o-63ut3im2u5/service_control_policy/p-a3zzwbq3
[  440.047657] nodeadm[2013]: SDK 2026/09/16 09:42:29 DEBUG attempting waiter request, attempt count: 9
[  440.091984] nodeadm[2013]: SDK 2026/09/16 09:42:29 DEBUG request failed with unretryable error https response error StatusCode: 403, RequestID: fc2897f0-aec9-4331-ab55-4ced03b1f31f, api error UnauthorizedOperation: You are not authorized to perform this operation. User: arn:aws:sts::134838948711:assumed-role/udacity-node-group/i-0d5550931f2f2df26 is not authorized to perform: ec2:DescribeInstances with an explicit deny in a service control policy: arn:aws:organizations::882938751523:policy/o-63ut3im2u5/service_control_policy/p-a3zzwbq3
[  501.878374] nodeadm[2013]: SDK 2026/09/16 09:43:31 DEBUG attempting waiter request, attempt count: 10
[  501.905690] nodeadm[2013]: SDK 2026/09/16 09:43:31 DEBUG request failed with unretryable error https response error StatusCode: 403, RequestID: 7ae32a7d-09b6-470c-8f0b-6ee9bd8a2855, api error UnauthorizedOperation: You are not authorized to perform this operation. User: arn:aws:sts::134838948711:assumed-role/udacity-node-group/i-0d5550931f2f2df26 is not authorized to perform: ec2:DescribeInstances with an explicit deny in a service control policy: arn:aws:organizations::882938751523:policy/o-63ut3im2u5/service_control_policy/p-a3zzwbq3
[  590.907244] nodeadm[2013]: SDK 2026/09/16 09:45:00 DEBUG attempting waiter request, attempt count: 11
[  590.980388] nodeadm[2013]: SDK 2026/09/16 09:45:00 DEBUG request failed with unretryable error https response error StatusCode: 403, RequestID: 95592683-c7cc-4b85-8fea-72a19e94a429, api error UnauthorizedOperation: You are not authorized to perform this operation. User: arn:aws:sts::134838948711:assumed-role/udacity-node-group/i-0d5550931f2f2df26 is not authorized to perform: ec2:DescribeInstances with an explicit deny in a service control policy: arn:aws:organizations::882938751523:policy/o-63ut3im2u5/service_control_policy/p-a3zzwbq3
[  590.993483] nodeadm[2013]: fatal cli/main.go:38 Command failed {"error": "exceeded max wait time for InstanceCondition waiter"}
[[0;1;31mFAILED[0m] Failed to start [0;1;39mnodeadm-co….service[0m - EKS Nodeadm Config.
[[0;1;38;5;185mDEPEND[0m] Dependency failed for [0;1;39mnode…run.service[0m - EKS Nodeadm Run.
[  592.427689] cloud-init[2024]: Cloud-init v. 22.2.2 running 'init' at Wed, 16 Sep 2026 09:45:01 +0000. Up 592.37 seconds.
[  592.524298] cloud-init[2024]: ci-info: ++++++++++++++++++++++++++++++++++++++Net device info++++++++++++++++++++++++++++++++++++++
[  592.527785] cloud-init[2024]: ci-info: +--------+------+----------------------------+---------------+--------+-------------------+
[  592.531336] cloud-init[2024]: ci-info: | Device |  Up  |          Address           |      Mask     | Scope  |     Hw-Address    |
[  592.536444] cloud-init[2024]: ci-info: +--------+------+----------------------------+---------------+--------+-------------------+
[  592.543647] cloud-init[2024]: ci-info: |  ens5  | True |         10.0.1.151         | 255.255.255.0 | global | 02:ff:cb:c7:98:61 |
[  592.548467] cloud-init[2024]: ci-info: |  ens5  | True | fe80::ff:cbff:fec7:9861/64 |       .       |  link  | 02:ff:cb:c7:98:61 |
[  592.551176] cloud-init[2024]: ci-info: |   lo   | True |         127.0.0.1          |   255.0.0.0   |  host  |         .         |
[  592.554147] cloud-init[2024]: ci-info: |   lo   | True |          ::1/128           |       .       |  host  |         .         |
[  592.557683] cloud-init[2024]: ci-info: +--------+------+----------------------------+---------------+--------+-------------------+
[  592.560231] cloud-init[2024]: ci-info: ++++++++++++++++++++++++++++Route IPv4 info+++++++++++++++++++++++++++++
[  592.562163] cloud-init[2024]: ci-info: +-------+-------------+----------+-----------------+-----------+-------+
[  592.567235] cloud-init[2024]: ci-info: | Route | Destination | Gateway  |     Genmask     | Interface | Flags |
[  592.569069] cloud-init[2024]: ci-info: +-------+-------------+----------+-----------------+-----------+-------+
[  592.573080] cloud-init[2024]: ci-info: |   0   |   0.0.0.0   | 10.0.1.1 |     0.0.0.0     |    ens5   |   UG  |
[  592.580913] cloud-init[2024]: ci-info: |   1   |   10.0.0.2  | 10.0.1.1 | 255.255.255.255 |    ens5   |  UGH  |
[  592.583319] cloud-init[2024]: ci-info: |   2   |   10.0.1.0  | 0.0.0.0  |  255.255.255.0  |    ens5   |   U   |
[  592.585890] cloud-init[2024]: ci-info: |   3   |   10.0.1.1  | 0.0.0.0  | 255.255.255.255 |    ens5   |   UH  |
[  592.588307] cloud-init[2024]: ci-info: +-------+-------------+----------+-----------------+-----------+-------+
[  592.590617] cloud-init[2024]: ci-info: +++++++++++++++++++Route IPv6 info+++++++++++++++++++
[  592.593075] cloud-init[2024]: ci-info: +-------+-------------+---------+-----------+-------+
[  592.595275] cloud-init[2024]: ci-info: | Route | Destination | Gateway | Interface | Flags |
[  592.600788] cloud-init[2024]: ci-info: +-------+-------------+---------+-----------+-------+
[  592.602449] cloud-init[2024]: ci-info: |   0   |  fe80::/64  |    ::   |    ens5   |   U   |
[  592.604090] cloud-init[2024]: ci-info: |   2   |    local    |    ::   |    ens5   |   U   |
[  592.605930] cloud-init[2024]: ci-info: |   3   |  multicast  |    ::   |    ens5   |   U   |
[  592.607407] cloud-init[2024]: ci-info: +-------+-------------+---------+-----------+-------+
[  593.070135] cloud-init[2024]: 2026-09-16 09:45:02,366 - __init__.py[WARNING]: Unhandled unknown content-type (application/node.eks.aws) userdata: 'b'---'...'
[  593.461475] cloud-init[2024]: Generating public/private ed25519 key pair.
[  593.462766] cloud-init[2024]: Your identification has been saved in /etc/ssh/ssh_host_ed25519_key
[  593.464242] cloud-init[2024]: Your public key has been saved in /etc/ssh/ssh_host_ed25519_key.pub
[  593.466608] cloud-init[2024]: The key fingerprint is:
[  593.467566] cloud-init[2024]: SHA256:/3jmAMJxThh3rfyXfPpOF1jz6MxomzBbR914JgeEF4c root@ip-10-0-1-151.ec2.internal
[  593.469827] cloud-init[2024]: The key's randomart image is:
[  593.471079] cloud-init[2024]: +--[ED25519 256]--+
[  593.472004] cloud-init[2024]: |      . . .. .oo.|
[  593.472835] cloud-init[2024]: |       + .  o.E. |
[  593.473818] cloud-init[2024]: |      o o. . ..o |
[  593.474696] cloud-init[2024]: |     . =  o   o=+|
[  593.475541] cloud-init[2024]: |      o S  . o=oB|
[  593.476647] cloud-init[2024]: |       . o  .*+=o|
[  593.477674] cloud-init[2024]: |          = +.=oo|
[  593.478952] cloud-init[2024]: |           Xo+...|
[  593.479821] cloud-init[2024]: |          o+=  oo|
[  593.480764] cloud-init[2024]: +----[SHA256]-----+
[  593.483688] cloud-init[2024]: Generating public/private ecdsa key pair.
[  593.488196] cloud-init[2024]: Your identification has been saved in /etc/ssh/ssh_host_ecdsa_key
[  593.490176] cloud-init[2024]: Your public key has been saved in /etc/ssh/ssh_host_ecdsa_key.pub
[  593.491871] cloud-init[2024]: The key fingerprint is:
[  593.492872] cloud-init[2024]: SHA256:B9sZhmKb9IN9KBypIXJKGFQOr45du5G2gItQ/BRs1ok root@ip-10-0-1-151.ec2.internal
[  593.496084] cloud-init[2024]: The key's randomart image is:
[  593.498558] cloud-init[2024]: +---[ECDSA 256]---+
[  593.499683] cloud-init[2024]: |oo..             |
[  593.500959] cloud-init[2024]: |..+. o o .       |
[  593.502693] cloud-init[2024]: |o.ooE O o o      |
[  593.503770] cloud-init[2024]: |.=.+ B O * o     |
[  593.504674] cloud-init[2024]: |..o + * S =      |
[  593.505941] cloud-init[2024]: |o+ + o . +       |
[  593.507076] cloud-init[2024]: |+.o *            |
[  593.508063] cloud-init[2024]: |o. o +           |
[  593.508925] cloud-init[2024]: |o   o            |
[  593.510282] cloud-init[2024]: +----[SHA256]-----+
[  594.140066] cloud-init[2110]: Cloud-init v. 22.2.2 running 'modules:config' at Wed, 16 Sep 2026 09:45:03 +0000. Up 594.06 seconds.
2026/09/16 09:45:03Z: SSM Agent unable to acquire credentials: <error>no valid credentials could be retrieved for ec2 identity. Default Host Management Err: error calling RequestManagedInstanceRoleToken: AccessDeniedException: Systems Manager's instance management role is not configured for account: 134838948711
	status code: 400, request id: febe6c4c-74fd-4507-90fc-683676a6a646</error>
[  594.680776] cloud-init[2115]: Cloud-init v. 22.2.2 running 'modules:final' at Wed, 16 Sep 2026 09:45:03 +0000. Up 594.62 seconds.
ci-info: no authorized SSH keys fingerprints found for user ec2-user.
<14>Sep 16 09:45:04 cloud-init: #############################################################
<14>Sep 16 09:45:04 cloud-init: -----BEGIN SSH HOST KEY FINGERPRINTS-----
<14>Sep 16 09:45:04 cloud-init: 256 SHA256:B9sZhmKb9IN9KBypIXJKGFQOr45du5G2gItQ/BRs1ok root@ip-10-0-1-151.ec2.internal (ECDSA)
<14>Sep 16 09:45:04 cloud-init: 256 SHA256:/3jmAMJxThh3rfyXfPpOF1jz6MxomzBbR914JgeEF4c root@ip-10-0-1-151.ec2.internal (ED25519)
<14>Sep 16 09:45:04 cloud-init: -----END SSH HOST KEY FINGERPRINTS-----
<14>Sep 16 09:45:04 cloud-init: #############################################################
-----BEGIN SSH HOST KEY KEYS-----
ecdsa-sha2-nistp256 AAAAE2VjZHNhLXNoYTItbmlzdHAyNTYAAAAIbmlzdHAyNTYAAABBBBZ3g70xAhbH4m47hkz4C+b3P1nuVpbyYqIJyatrVdMt9q0eOnon5W3ve6am+GXsgyAeJe4O+PvuNrursBpCU6E= root@ip-10-0-1-151.ec2.internal
ssh-ed25519 AAAAC3NzaC1lZDI1NTE5AAAAIKLIE+dRgcShk1BjzGokqLM4Ne1EFtWDFLa8/YwsLwkS root@ip-10-0-1-151.ec2.internal
-----END SSH HOST KEY KEYS-----
[  594.855485] cloud-init[2115]: Cloud-init v. 22.2.2 finished at Wed, 16 Sep 2026 09:45:04 +0000. Datasource DataSourceEc2.  Up 594.84 seconds

Amazon Linux 2023.12.20260909
Kernel 6.12.103-127.188.amzn2023.x86_64 on an x86_64 (-)

